== Sistema operativo y arquitectura ==
Linux
x86_64
Entorno: Ubuntu en WSL 2
PRETTY_NAME="Ubuntu 24.04.5 LTS"

== Shell por defecto ==
/bin/bash

== Espacio libre en disco (unidad del repositorio) ==
Filesystem      Size  Used Avail Use% Mounted on
/dev/sdd       1007G  1.7G  954G   1% /

== Memoria disponible para Linux y Docker ==
               total        used        free      shared  buff/cache   available
Mem:           7.6Gi       579Mi       7.0Gi       3.5Mi       151Mi       7.0Gi
Swap:          2.0Gi          0B       2.0Gi

== Herramientas de trabajo (Parte 0) ==
OK git
OK gh
OK curl
OK wget
FALTA unzip
FALTA jq
FALTA tree
FALTA htop
OK tmux
FALTA shellcheck

== Git ==
git version 2.43.0
jmorote@alu.ucam.edu
